\BOOKMARK [1][-]{section.1}{\376\377\000G\000i\036\333\000i\000\040\000t\000h\000i\036\307\000u}{}% 1
\BOOKMARK [2][-]{subsection.1.1}{\376\377\000B\000\340\000i\000\040\000t\000o\000\341\000n\000\040\000v\000\340\000\040\001\021\036\331\000n\000g\000\040\000l\036\361\000c}{section.1}% 2
\BOOKMARK [2][-]{subsection.1.2}{\376\377\000M\036\345\000c\000\040\000t\000i\000\352\000u\000\040\000c\036\347\000a\000\040\000b\000\341\000o\000\040\000c\000\341\000o}{section.1}% 3
\BOOKMARK [1][-]{section.2}{\376\377\000D\036\357\000\040\000l\000i\036\307\000u\000\040\000v\000\340\000\040\000q\000u\000y\000\040\000t\000r\000\354\000n\000h\000\040\000x\036\355\000\040\000l\000\375}{}% 4
\BOOKMARK [2][-]{subsection.2.1}{\376\377\000N\000g\000u\036\323\000n\000\040\000d\036\357\000\040\000l\000i\036\307\000u\000\040\000v\000\340\000\040\000c\036\245\000u\000\040\000t\000r\000\372\000c\000\040\000n\000h\000\343\000n}{section.2}% 5
\BOOKMARK [2][-]{subsection.2.2}{\376\377\000K\000i\036\303\000m\000\040\000t\000r\000a\000\040\000v\000\340\000\040\000t\036\241\000o\000\040\000c\000l\000e\000a\000n\000\040\000s\000p\000l\000i\000t\000s}{section.2}% 6
\BOOKMARK [2][-]{subsection.2.3}{\376\377\000T\000o\000k\000e\000n\000i\000z\000e\000\040\000v\000\340\000\040\000b\000u\000i\000l\000d\000\040\000v\000o\000c\000a\000b\000u\000l\000a\000r\000y\000\040\000c\000h\000o\000\040\000m\000\364\000\040\000h\000\354\000n\000h\000\040\000t\000r\000a\000i\000n\000-\000f\000r\000o\000m\000-\000s\000c\000r\000a\000t\000c\000h}{section.2}% 7
\BOOKMARK [2][-]{subsection.2.4}{\376\377\000B\000i\036\303\000u\000\040\000d\000i\036\305\000n\000\040\000T\000F\000-\000I\000D\000F}{section.2}% 8
\BOOKMARK [2][-]{subsection.2.5}{\376\377\000W\000o\000r\000d\000P\000i\000e\000c\000e\000\040\000c\000h\000o\000\040\000B\000E\000R\000T\000\040\000p\000r\000e\000t\000r\000a\000i\000n\000e\000d}{section.2}% 9
\BOOKMARK [1][-]{section.3}{\376\377\000C\000\341\000c\000\040\000h\036\307\000\040\000t\000h\036\321\000n\000g\000\040\000p\000h\000\342\000n\000\040\000l\000o\036\241\000i}{}% 10
\BOOKMARK [2][-]{subsection.3.1}{\376\377\000L\000u\036\323\000n\000g\000\040\000d\036\361\000\040\001\021\000o\000\341\000n\000\040\000c\000h\000u\000n\000g}{section.3}% 11
\BOOKMARK [2][-]{subsection.3.2}{\376\377\000T\000F\000-\000I\000D\000F\000\040\000v\000\340\000\040\000L\000o\000g\000i\000s\000t\000i\000c\000\040\000R\000e\000g\000r\000e\000s\000s\000i\000o\000n}{section.3}% 12
\BOOKMARK [2][-]{subsection.3.3}{\376\377\000M\000e\000a\000n\000\040\000P\000o\000o\000l\000i\000n\000g\000\040\000M\000L\000P}{section.3}% 13
\BOOKMARK [2][-]{subsection.3.4}{\376\377\000B\000i\000L\000S\000T\000M\000\040\000k\036\277\000t\000\040\000h\036\343\000p\000\040\000a\000t\000t\000e\000n\000t\000i\000o\000n}{section.3}% 14
\BOOKMARK [2][-]{subsection.3.5}{\376\377\000T\000r\000a\000n\000s\000f\000o\000r\000m\000e\000r\000\040\000E\000n\000c\000o\000d\000e\000r\000\040\000h\000u\036\245\000n\000\040\000l\000u\000y\036\307\000n\000\040\000t\036\353\000\040\001\021\036\247\000u}{section.3}% 15
\BOOKMARK [2][-]{subsection.3.6}{\376\377\000B\000E\000R\000T\000-\000b\000a\000s\000e\000-\000c\000a\000s\000e\000d\000\040\000p\000r\000e\000t\000r\000a\000i\000n\000e\000d}{section.3}% 16
\BOOKMARK [1][-]{section.4}{\376\377\000H\000u\036\245\000n\000\040\000l\000u\000y\036\307\000n\000\040\000v\000\340\000\040\001\021\000\341\000n\000h\000\040\000g\000i\000\341}{}% 17
\BOOKMARK [2][-]{subsection.4.1}{\376\377\000V\000a\000i\000\040\000t\000r\000\362\000\040\000c\036\347\000a\000\040\000b\000a\000\040\000s\000p\000l\000i\000t}{section.4}% 18
\BOOKMARK [2][-]{subsection.4.2}{\376\377\000C\000\341\000c\000\040\000c\000h\036\311\000\040\000s\036\321}{section.4}% 19
\BOOKMARK [2][-]{subsection.4.3}{\376\377\000T\000h\000r\000e\000s\000h\000o\000l\000d\000\040\000v\000\340\000\040\000c\000\341\000c\000h\000\040\000t\000u\000n\000i\000n\000g}{section.4}% 20
\BOOKMARK [1][-]{section.5}{\376\377\000K\036\277\000t\000\040\000q\000u\036\243\000\040\000v\000\340\000\040\000d\000i\036\305\000n\000\040\000g\000i\036\243\000i}{}% 21
\BOOKMARK [2][-]{subsection.5.1}{\376\377\000S\000o\000\040\000s\000\341\000n\000h\000\040\000t\036\241\000i\000\040\000t\000h\000r\000e\000s\000h\000o\000l\000d\000\040\0000\000.\0005}{section.5}% 22
\BOOKMARK [2][-]{subsection.5.2}{\376\377\000K\036\277\000t\000\040\000q\000u\036\243\000\040\000s\000a\000u\000\040\000t\000h\000r\000e\000s\000h\000o\000l\000d\000\040\000t\000u\000n\000i\000n\000g}{section.5}% 23
\BOOKMARK [2][-]{subsection.5.3}{\376\377\036\242\000n\000h\000\040\000h\001\260\036\337\000n\000g\000\040\000c\036\347\000a\000\040\000p\000o\000s\000\137\000w\000e\000i\000g\000h\000t}{section.5}% 24
\BOOKMARK [2][-]{subsection.5.4}{\376\377\000P\000h\000\342\000n\000\040\000t\000\355\000c\000h\000\040\000t\000h\000e\000o\000\040\000t\036\353\000n\000g\000\040\000n\000h\000\343\000n}{section.5}% 25
\BOOKMARK [2][-]{subsection.5.5}{\376\377\000P\000h\000\342\000n\000\040\000t\000\355\000c\000h\000\040\000t\000h\000e\000o\000\040\001\021\036\267\000c\000\040\001\021\000i\036\303\000m\000\040\000m\036\253\000u}{section.5}% 26
\BOOKMARK [2][-]{subsection.5.6}{\376\377\000C\000\341\000c\000\040\000f\000a\000i\000l\000u\000r\000e\000\040\000m\000o\000d\000e\000s\000\040\000c\000h\000\355\000n\000h}{section.5}% 27
\BOOKMARK [1][-]{section.6}{\376\377\000H\036\241\000n\000\040\000c\000h\036\277}{}% 28
\BOOKMARK [1][-]{section.7}{\376\377\000K\036\277\000t\000\040\000l\000u\036\255\000n}{}% 29
